[Wed Aug 19 09:18:35.716756 2020] [slotmem_shm:debug] [pid 15:tid 15] mod_slotmem_shm.c(506): AH02302: attach found /etc/httpd/run/slotmem-shm-p8ab4cdc4_dvb_s1_blancer_0.shm: 1064/1
[Wed Aug 19 09:18:35.716760 2020] [proxy:debug] [pid 16:tid 16] proxy_util.c(2032): AH00930: initialized pool in child 16 for (*) min=0 max=25 smax=25
[Wed Aug 19 09:18:35.716768 2020] [proxy_balancer:debug] [pid 15:tid 15] mod_proxy_balancer.c(132): AH01158: Looking at balancer://dvb-s1-blancer -> http://dvb-s1:8501 initialized?
[Wed Aug 19 09:18:35.716776 2020] [proxy:debug] [pid 16:tid 16] proxy_util.c(1938): AH00925: initializing worker http://frontail:9001/ shared
[Wed Aug 19 09:18:35.716791 2020] [proxy:debug] [pid 16:tid 16] proxy_util.c(1998): AH00927: initializing worker http://frontail:9001/ local
[Wed Aug 19 09:18:35.716803 2020] [proxy:debug] [pid 15:tid 15] proxy_util.c(1938): AH00925: initializing worker proxy:reverse shared
[Wed Aug 19 09:18:35.716812 2020] [proxy:debug] [pid 16:tid 16] proxy_util.c(2032): AH00930: initialized pool in child 16 for (frontail) min=0 max=25 smax=25
[Wed Aug 19 09:18:35.716834 2020] [proxy:debug] [pid 16:tid 16] proxy_util.c(1938): AH00925: initializing worker proxy:forward shared
[Wed Aug 19 09:18:35.716871 2020] [mpm_event:debug] [pid 14:tid 17] event.c(2311): AH02471: start_threads: Using epoll (wakeable)
[Wed Aug 19 09:18:35.717604 2020] [proxy:debug] [pid 15:tid 15] proxy_util.c(1998): AH00927: initializing worker proxy:reverse local
[Wed Aug 19 09:18:35.717730 2020] [proxy:debug] [pid 15:tid 15] proxy_util.c(2032): AH00930: initialized pool in child 15 for (*) min=0 max=25 smax=25
[Wed Aug 19 09:18:35.717780 2020] [proxy:debug] [pid 15:tid 15] proxy_util.c(1938): AH00925: initializing worker http://frontail:9001/ shared
[Wed Aug 19 09:18:35.718298 2020] [proxy:debug] [pid 16:tid 16] proxy_util.c(1998): AH00927: initializing worker proxy:forward local
[Wed Aug 19 09:18:35.718375 2020] [proxy:debug] [pid 16:tid 16] proxy_util.c(2032): AH00930: initialized pool in child 16 for (*) min=0 max=25 smax=25
[Wed Aug 19 09:18:35.718691 2020] [proxy:debug] [pid 15:tid 15] proxy_util.c(1998): AH00927: initializing worker http://frontail:9001/ local
[Wed Aug 19 09:18:35.718743 2020] [proxy:debug] [pid 15:tid 15] proxy_util.c(2032): AH00930: initialized pool in child 15 for (frontail) min=0 max=25 smax=25
[Wed Aug 19 09:18:35.718779 2020] [proxy:debug] [pid 15:tid 15] proxy_util.c(1938): AH00925: initializing worker proxy:forward shared
[Wed Aug 19 09:18:35.718797 2020] [proxy:debug] [pid 15:tid 15] proxy_util.c(1998): AH00927: initializing worker proxy:forward local
[Wed Aug 19 09:18:35.718822 2020] [proxy:debug] [pid 15:tid 15] proxy_util.c(2032): AH00930: initialized pool in child 15 for (*) min=0 max=25 smax=25
[Wed Aug 19 09:18:35.719354 2020] [mpm_event:debug] [pid 16:tid 29] event.c(2311): AH02471: start_threads: Using epoll (wakeable)
[Wed Aug 19 09:18:35.719810 2020] [mpm_event:debug] [pid 15:tid 30] event.c(2311): AH02471: start_threads: Using epoll (wakeable)
[Wed Aug 19 09:18:42.124491 2020] [authz_core:debug] [pid 14:tid 22] mod_authz_core.c(843): [client 10.83.6.88:58945] AH01628: authorization result: granted (no directives), referer: http://192.168.18.65/FronTail/
[Wed Aug 19 09:18:42.124626 2020] [proxy:debug] [pid 14:tid 22] mod_proxy.c(1253): [client 10.83.6.88:58945] AH01143: Running scheme http handler (attempt 0), referer: http://192.168.18.65/FronTail/
[Wed Aug 19 09:18:42.124668 2020] [proxy:debug] [pid 14:tid 22] proxy_util.c(2336): AH00942: HTTP: has acquired connection for (frontail)
[Wed Aug 19 09:18:42.124686 2020] [proxy:debug] [pid 14:tid 22] proxy_util.c(2392): [client 10.83.6.88:58945] AH00944: connecting http://frontail:9001/favicon.ico to frontail:9001, referer: http://192.168.18.65/FronTail/
[Wed Aug 19 09:18:42.129779 2020] [proxy:error] [pid 14:tid 22] [client 10.83.6.88:58945] AH00898: DNS lookup failure for: frontail returned by /FronTail/favicon.ico, referer: http://192.168.18.65/FronTail/
[Wed Aug 19 09:18:42.129807 2020] [proxy:debug] [pid 14:tid 22] proxy_util.c(2351): AH00943: HTTP: has released connection for (frontail)
[Wed Aug 19 09:18:44.222531 2020] [authz_core:debug] [pid 14:tid 25] mod_authz_core.c(843): [client 10.83.6.88:58946] AH01628: authorization result: granted (no directives)
[Wed Aug 19 09:18:44.222604 2020] [proxy:debug] [pid 14:tid 25] mod_proxy.c(1253): [client 10.83.6.88:58946] AH01143: Running scheme http handler (attempt 0)
[Wed Aug 19 09:18:44.222625 2020] [proxy:debug] [pid 14:tid 25] proxy_util.c(2336): AH00942: HTTP: has acquired connection for (frontail)
[Wed Aug 19 09:18:44.222638 2020] [proxy:debug] [pid 14:tid 25] proxy_util.c(2392): [client 10.83.6.88:58946] AH00944: connecting http://frontail:9001/ to frontail:9001
[Wed Aug 19 09:18:44.226963 2020] [proxy:error] [pid 14:tid 25] [client 10.83.6.88:58946] AH00898: DNS lookup failure for: frontail returned by /FronTail/
[Wed Aug 19 09:18:44.226987 2020] [proxy:debug] [pid 14:tid 25] proxy_util.c(2351): AH00943: HTTP: has released connection for (frontail)
[Wed Aug 19 09:18:48.323251 2020] [authz_core:debug] [pid 14:tid 26] mod_authz_core.c(815): [client 10.83.6.88:58950] AH01626: authorization result of Require all granted: granted
[Wed Aug 19 09:18:48.323289 2020] [authz_core:debug] [pid 14:tid 26] mod_authz_core.c(815): [client 10.83.6.88:58950] AH01626: authorization result of <RequireAny>: granted
[Wed Aug 19 09:18:50.492575 2020] [authz_core:debug] [pid 14:tid 27] mod_authz_core.c(815): [client 10.83.6.88:58951] AH01626: authorization result of Require all granted: granted
[Wed Aug 19 09:18:50.492612 2020] [authz_core:debug] [pid 14:tid 27] mod_authz_core.c(815): [client 10.83.6.88:58951] AH01626: authorization result of <RequireAny>: granted
[Wed Aug 19 09:18:50.760832 2020] [authz_core:debug] [pid 14:tid 28] mod_authz_core.c(815): [client 10.83.6.88:58952] AH01626: authorization result of Require all granted: granted
[Wed Aug 19 09:18:50.760855 2020] [authz_core:debug] [pid 14:tid 28] mod_authz_core.c(815): [client 10.83.6.88:58952] AH01626: authorization result of <RequireAny>: granted
[Wed Aug 19 09:18:51.195345 2020] [authz_core:debug] [pid 14:tid 21] mod_authz_core.c(843): [client 10.83.6.88:58953] AH01628: authorization result: granted (no directives), referer: http://192.168.18.65/
[Wed Aug 19 09:18:51.195389 2020] [proxy:debug] [pid 14:tid 21] mod_proxy.c(1253): [client 10.83.6.88:58953] AH01143: Running scheme http handler (attempt 0), referer: http://192.168.18.65/
[Wed Aug 19 09:18:51.195412 2020] [proxy:debug] [pid 14:tid 21] proxy_util.c(2336): AH00942: HTTP: has acquired connection for (frontail)
[Wed Aug 19 09:18:51.195427 2020] [proxy:debug] [pid 14:tid 21] proxy_util.c(2392): [client 10.83.6.88:58953] AH00944: connecting http://frontail:9001/ to frontail:9001, referer: http://192.168.18.65/
[Wed Aug 19 09:18:51.199761 2020] [proxy:error] [pid 14:tid 21] [client 10.83.6.88:58953] AH00898: DNS lookup failure for: frontail returned by /FronTail/, referer: http://192.168.18.65/
[Wed Aug 19 09:18:51.199784 2020] [proxy:debug] [pid 14:tid 21] proxy_util.c(2351): AH00943: HTTP: has released connection for (frontail)
[Wed Aug 19 09:25:51.944036 2020] [so:warn] [pid 12:tid 12] AH01574: module unique_id_module is already loaded, skipping
[Wed Aug 19 09:25:51.946832 2020] [slotmem_shm:debug] [pid 12:tid 12] mod_slotmem_shm.c(495): AH02301: attach looking for /etc/httpd/run/slotmem-shm-mod_heartmonitor_0.shm
[Wed Aug 19 09:25:51.946889 2020] [lbmethod_heartbeat:notice] [pid 12:tid 12] AH02282: No slotmem from mod_heartmonitor
[Wed Aug 19 09:25:51.946927 2020] [proxy_balancer:debug] [pid 12:tid 12] mod_proxy_balancer.c(930): AH01178: Doing balancers create: 544, 2 (7)
[Wed Aug 19 09:25:51.946939 2020] [slotmem_shm:debug] [pid 12:tid 12] mod_slotmem_shm.c(378): AH02602: create didn't find /etc/httpd/run/slotmem-shm-p8ab4cdc4_0.shm in global list
[Wed Aug 19 09:25:51.946949 2020] [slotmem_shm:debug] [pid 12:tid 12] mod_slotmem_shm.c(387): AH02300: create /etc/httpd/run/slotmem-shm-p8ab4cdc4_0.shm: 544/7
[Wed Aug 19 09:25:51.947269 2020] [slotmem_shm:debug] [pid 12:tid 12] mod_slotmem_shm.c(408): AH02611: create: apr_shm_create(/etc/httpd/run/slotmem-shm-p8ab4cdc4_0.shm) succeeded
[Wed Aug 19 09:25:51.947315 2020] [proxy:debug] [pid 12:tid 12] proxy_util.c(1241): AH02337: copying shm[0] (0x7fde11b47018) for balancer://dvb-s0-blancer
[Wed Aug 19 09:25:51.947346 2020] [proxy_balancer:debug] [pid 12:tid 12] mod_proxy_balancer.c(997): AH01184: Doing workers create: balancer://dvb-s0-blancer (p8ab4cdc4_dvb_s0_blancer), 1064, 1 [0]
[Wed Aug 19 09:25:51.947359 2020] [slotmem_shm:debug] [pid 12:tid 12] mod_slotmem_shm.c(378): AH02602: create didn't find /etc/httpd/run/slotmem-shm-p8ab4cdc4_dvb_s0_blancer_0.shm in global list
[Wed Aug 19 09:25:51.947369 2020] [slotmem_shm:debug] [pid 12:tid 12] mod_slotmem_shm.c(387): AH02300: create /etc/httpd/run/slotmem-shm-p8ab4cdc4_dvb_s0_blancer_0.shm: 1064/1
[Wed Aug 19 09:25:51.947459 2020] [slotmem_shm:debug] [pid 12:tid 12] mod_slotmem_shm.c(408): AH02611: create: apr_shm_create(/etc/httpd/run/slotmem-shm-p8ab4cdc4_dvb_s0_blancer_0.shm) succeeded
[Wed Aug 19 09:25:51.947480 2020] [proxy:debug] [pid 12:tid 12] proxy_util.c(1915): AH02338: copying shm[0] (0x7fde11013018) for worker: http://dvb-s0:8500
[Wed Aug 19 09:25:51.947515 2020] [proxy:debug] [pid 12:tid 12] proxy_util.c(1241): AH02337: copying shm[1] (0x7fde11b47238) for balancer://dvb-s1-blancer
[Wed Aug 19 09:25:51.947533 2020] [proxy_balancer:debug] [pid 12:tid 12] mod_proxy_balancer.c(997): AH01184: Doing workers create: balancer://dvb-s1-blancer (p8ab4cdc4_dvb_s1_blancer), 1064, 1 [1]
[Wed Aug 19 09:25:51.947545 2020] [slotmem_shm:debug] [pid 12:tid 12] mod_slotmem_shm.c(378): AH02602: create didn't find /etc/httpd/run/slotmem-shm-p8ab4cdc4_dvb_s1_blancer_0.shm in global list
[Wed Aug 19 09:25:51.947555 2020] [slotmem_shm:debug] [pid 12:tid 12] mod_slotmem_shm.c(387): AH02300: create /etc/httpd/run/slotmem-shm-p8ab4cdc4_dvb_s1_blancer_0.shm: 1064/1
[Wed Aug 19 09:25:51.947654 2020] [slotmem_shm:debug] [pid 12:tid 12] mod_slotmem_shm.c(408): AH02611: create: apr_shm_create(/etc/httpd/run/slotmem-shm-p8ab4cdc4_dvb_s1_blancer_0.shm) succeeded
[Wed Aug 19 09:25:51.947673 2020] [proxy:debug] [pid 12:tid 12] proxy_util.c(1915): AH02338: copying shm[0] (0x7fde11011018) for worker: http://dvb-s1:8501
[Wed Aug 19 09:25:51.950383 2020] [mpm_event:notice] [pid 12:tid 12] AH00489: Apache/2.4.43 (Fedora) configured -- resuming normal operations
[Wed Aug 19 09:25:51.950421 2020] [mpm_event:info] [pid 12:tid 12] AH00490: Server built: Jul  9 2020 00:00:00
[Wed Aug 19 09:25:51.950445 2020] [core:notice] [pid 12:tid 12] AH00094: Command line: 'httpd -D FOREGROUND'
[Wed Aug 19 09:25:51.950456 2020] [core:debug] [pid 12:tid 12] log.c(1572): AH02639: Using SO_REUSEPORT: yes (1)
[Wed Aug 19 09:25:51.951457 2020] [slotmem_shm:debug] [pid 15:tid 15] mod_slotmem_shm.c(495): AH02301: attach looking for /etc/httpd/run/slotmem-shm-p8ab4cdc4_0.shm
[Wed Aug 19 09:25:51.951460 2020] [slotmem_shm:debug] [pid 14:tid 14] mod_slotmem_shm.c(495): AH02301: attach looking for /etc/httpd/run/slotmem-shm-p8ab4cdc4_0.shm
[Wed Aug 19 09:25:51.951493 2020] [slotmem_shm:debug] [pid 15:tid 15] mod_slotmem_shm.c(506): AH02302: attach found /etc/httpd/run/slotmem-shm-p8ab4cdc4_0.shm: 544/7
[Wed Aug 19 09:25:51.951497 2020] [slotmem_shm:debug] [pid 14:tid 14] mod_slotmem_shm.c(506): AH02302: attach found /etc/httpd/run/slotmem-shm-p8ab4cdc4_0.shm: 544/7
[Wed Aug 19 09:25:51.951520 2020] [slotmem_shm:debug] [pid 15:tid 15] mod_slotmem_shm.c(495): AH02301: attach looking for /etc/httpd/run/slotmem-shm-p8ab4cdc4_dvb_s0_blancer_0.shm
[Wed Aug 19 09:25:51.951522 2020] [slotmem_shm:debug] [pid 14:tid 14] mod_slotmem_shm.c(495): AH02301: attach looking for /etc/httpd/run/slotmem-shm-p8ab4cdc4_dvb_s0_blancer_0.shm
[Wed Aug 19 09:25:51.951547 2020] [slotmem_shm:debug] [pid 15:tid 15] mod_slotmem_shm.c(506): AH02302: attach found /etc/httpd/run/slotmem-shm-p8ab4cdc4_dvb_s0_blancer_0.shm: 1064/1
[Wed Aug 19 09:25:51.951551 2020] [slotmem_shm:debug] [pid 14:tid 14] mod_slotmem_shm.c(506): AH02302: attach found /etc/httpd/run/slotmem-shm-p8ab4cdc4_dvb_s0_blancer_0.shm: 1064/1
[Wed Aug 19 09:25:51.951562 2020] [proxy_balancer:debug] [pid 15:tid 15] mod_proxy_balancer.c(132): AH01158: Looking at balancer://dvb-s0-blancer -> http://dvb-s0:8500 initialized?
[Wed Aug 19 09:25:51.951565 2020] [proxy_balancer:debug] [pid 14:tid 14] mod_proxy_balancer.c(132): AH01158: Looking at balancer://dvb-s0-blancer -> http://dvb-s0:8500 initialized?
[Wed Aug 19 09:25:51.951576 2020] [proxy:debug] [pid 15:tid 15] proxy_util.c(1938): AH00925: initializing worker http://dvb-s0:8500 shared
[Wed Aug 19 09:25:51.951579 2020] [proxy:debug] [pid 14:tid 14] proxy_util.c(1938): AH00925: initializing worker http://dvb-s0:8500 shared
[Wed Aug 19 09:25:51.951603 2020] [proxy:debug] [pid 15:tid 15] proxy_util.c(1998): AH00927: initializing worker http://dvb-s0:8500 local
[Wed Aug 19 09:25:51.951639 2020] [proxy:debug] [pid 15:tid 15] proxy_util.c(2032): AH00930: initialized pool in child 15 for (dvb-s0) min=0 max=25 smax=25
[Wed Aug 19 09:25:51.951666 2020] [slotmem_shm:debug] [pid 15:tid 15] mod_slotmem_shm.c(495): AH02301: attach looking for /etc/httpd/run/slotmem-shm-p8ab4cdc4_dvb_s1_blancer_0.shm
[Wed Aug 19 09:25:51.951679 2020] [slotmem_shm:debug] [pid 15:tid 15] mod_slotmem_shm.c(506): AH02302: attach found /etc/httpd/run/slotmem-shm-p8ab4cdc4_dvb_s1_blancer_0.shm: 1064/1
[Wed Aug 19 09:25:51.951690 2020] [proxy_balancer:debug] [pid 15:tid 15] mod_proxy_balancer.c(132): AH01158: Looking at balancer://dvb-s1-blancer -> http://dvb-s1:8501 initialized?
[Wed Aug 19 09:25:51.951700 2020] [proxy:debug] [pid 15:tid 15] proxy_util.c(1938): AH00925: initializing worker http://dvb-s1:8501 shared
[Wed Aug 19 09:25:51.952823 2020] [slotmem_shm:debug] [pid 16:tid 16] mod_slotmem_shm.c(495): AH02301: attach looking for /etc/httpd/run/slotmem-shm-p8ab4cdc4_0.shm
[Wed Aug 19 09:25:51.952861 2020] [slotmem_shm:debug] [pid 16:tid 16] mod_slotmem_shm.c(506): AH02302: attach found /etc/httpd/run/slotmem-shm-p8ab4cdc4_0.shm: 544/7
[Wed Aug 19 09:25:51.952886 2020] [slotmem_shm:debug] [pid 16:tid 16] mod_slotmem_shm.c(495): AH02301: attach looking for /etc/httpd/run/slotmem-shm-p8ab4cdc4_dvb_s0_blancer_0.shm
[Wed Aug 19 09:25:51.952899 2020] [slotmem_shm:debug] [pid 16:tid 16] mod_slotmem_shm.c(506): AH02302: attach found /etc/httpd/run/slotmem-shm-p8ab4cdc4_dvb_s0_blancer_0.shm: 1064/1
[Wed Aug 19 09:25:51.952913 2020] [proxy_balancer:debug] [pid 16:tid 16] mod_proxy_balancer.c(132): AH01158: Looking at balancer://dvb-s0-blancer -> http://dvb-s0:8500 initialized?
[Wed Aug 19 09:25:51.952930 2020] [slotmem_shm:debug] [pid 16:tid 16] mod_slotmem_shm.c(495): AH02301: attach looking for /etc/httpd/run/slotmem-shm-p8ab4cdc4_dvb_s1_blancer_0.shm
[Wed Aug 19 09:25:51.952943 2020] [slotmem_shm:debug] [pid 16:tid 16] mod_slotmem_shm.c(506): AH02302: attach found /etc/httpd/run/slotmem-shm-p8ab4cdc4_dvb_s1_blancer_0.shm: 1064/1
[Wed Aug 19 09:25:51.952953 2020] [proxy_balancer:debug] [pid 16:tid 16] mod_proxy_balancer.c(132): AH01158: Looking at balancer://dvb-s1-blancer -> http://dvb-s1:8501 initialized?
[Wed Aug 19 09:25:51.952963 2020] [proxy:debug] [pid 16:tid 16] proxy_util.c(1938): AH00925: initializing worker http://dvb-s1:8501 shared
[Wed Aug 19 09:25:51.953281 2020] [proxy:debug] [pid 14:tid 14] proxy_util.c(1998): AH00927: initializing worker http://dvb-s0:8500 local
[Wed Aug 19 09:25:51.953333 2020] [proxy:debug] [pid 14:tid 14] proxy_util.c(2032): AH00930: initialized pool in child 14 for (dvb-s0) min=0 max=25 smax=25
[Wed Aug 19 09:25:51.953383 2020] [slotmem_shm:debug] [pid 14:tid 14] mod_slotmem_shm.c(495): AH02301: attach looking for /etc/httpd/run/slotmem-shm-p8ab4cdc4_dvb_s1_blancer_0.shm
[Wed Aug 19 09:25:51.953397 2020] [slotmem_shm:debug] [pid 14:tid 14] mod_slotmem_shm.c(506): AH02302: attach found /etc/httpd/run/slotmem-shm-p8ab4cdc4_dvb_s1_blancer_0.shm: 1064/1
[Wed Aug 19 09:25:51.953409 2020] [proxy_balancer:debug] [pid 14:tid 14] mod_proxy_balancer.c(132): AH01158: Looking at balancer://dvb-s1-blancer -> http://dvb-s1:8501 initialized?
[Wed Aug 19 09:25:51.953419 2020] [proxy:debug] [pid 14:tid 14] proxy_util.c(1938): AH00925: initializing worker http://dvb-s1:8501 shared
[Wed Aug 19 09:25:51.953481 2020] [proxy:debug] [pid 15:tid 15] proxy_util.c(1998): AH00927: initializing worker http://dvb-s1:8501 local
[Wed Aug 19 09:25:51.953513 2020] [proxy:debug] [pid 15:tid 15] proxy_util.c(2032): AH00930: initialized pool in child 15 for (dvb-s1) min=0 max=25 smax=25
[Wed Aug 19 09:25:51.953557 2020] [proxy:debug] [pid 15:tid 15] proxy_util.c(1938): AH00925: initializing worker proxy:reverse shared
[Wed Aug 19 09:25:51.953562 2020] [proxy:debug] [pid 16:tid 16] proxy_util.c(1998): AH00927: initializing worker http://dvb-s1:8501 local
[Wed Aug 19 09:25:51.953595 2020] [proxy:debug] [pid 16:tid 16] proxy_util.c(2032): AH00930: initialized pool in child 16 for (dvb-s1) min=0 max=25 smax=25
[Wed Aug 19 09:25:51.953631 2020] [proxy:debug] [pid 16:tid 16] proxy_util.c(1938): AH00925: initializing worker proxy:reverse shared
[Wed Aug 19 09:25:51.953649 2020] [proxy:debug] [pid 14:tid 14] proxy_util.c(1998): AH00927: initializing worker http://dvb-s1:8501 local
[Wed Aug 19 09:25:51.953675 2020] [proxy:debug] [pid 14:tid 14] proxy_util.c(2032): AH00930: initialized pool in child 14 for (dvb-s1) min=0 max=25 smax=25
[Wed Aug 19 09:25:51.953708 2020] [proxy:debug] [pid 14:tid 14] proxy_util.c(1938): AH00925: initializing worker proxy:reverse shared
[Wed Aug 19 09:25:51.953726 2020] [proxy:debug] [pid 15:tid 15] proxy_util.c(1998): AH00927: initializing worker proxy:reverse local
[Wed Aug 19 09:25:51.953747 2020] [proxy:debug] [pid 15:tid 15] proxy_util.c(2032): AH00930: initialized pool in child 15 for (*) min=0 max=25 smax=25
[Wed Aug 19 09:25:51.953762 2020] [proxy:debug] [pid 15:tid 15] proxy_util.c(1938): AH00925: initializing worker http://frontail:9001/ shared
[Wed Aug 19 09:25:51.953785 2020] [proxy:debug] [pid 16:tid 16] proxy_util.c(1998): AH00927: initializing worker proxy:reverse local
[Wed Aug 19 09:25:51.953810 2020] [proxy:debug] [pid 16:tid 16] proxy_util.c(2032): AH00930: initialized pool in child 16 for (*) min=0 max=25 smax=25
[Wed Aug 19 09:25:51.953825 2020] [proxy:debug] [pid 16:tid 16] proxy_util.c(1938): AH00925: initializing worker http://frontail:9001/ shared
[Wed Aug 19 09:25:51.953846 2020] [proxy:debug] [pid 14:tid 14] proxy_util.c(1998): AH00927: initializing worker proxy:reverse local
[Wed Aug 19 09:25:51.953868 2020] [proxy:debug] [pid 14:tid 14] proxy_util.c(2032): AH00930: initialized pool in child 14 for (*) min=0 max=25 smax=25
[Wed Aug 19 09:25:51.953883 2020] [proxy:debug] [pid 14:tid 14] proxy_util.c(1938): AH00925: initializing worker http://frontail:9001/ shared
[Wed Aug 19 09:25:51.953903 2020] [proxy:debug] [pid 15:tid 15] proxy_util.c(1998): AH00927: initializing worker http://frontail:9001/ local
[Wed Aug 19 09:25:51.953925 2020] [proxy:debug] [pid 15:tid 15] proxy_util.c(2032): AH00930: initialized pool in child 15 for (frontail) min=0 max=25 smax=25
[Wed Aug 19 09:25:51.953943 2020] [proxy:debug] [pid 15:tid 15] proxy_util.c(1938): AH00925: initializing worker proxy:forward shared
[Wed Aug 19 09:25:51.953959 2020] [proxy:debug] [pid 16:tid 16] proxy_util.c(1998): AH00927: initializing worker http://frontail:9001/ local
[Wed Aug 19 09:25:51.953980 2020] [proxy:debug] [pid 16:tid 16] proxy_util.c(2032): AH00930: initialized pool in child 16 for (frontail) min=0 max=25 smax=25
[Wed Aug 19 09:25:51.953998 2020] [proxy:debug] [pid 16:tid 16] proxy_util.c(1938): AH00925: initializing worker proxy:forward shared
[Wed Aug 19 09:25:51.954025 2020] [proxy:debug] [pid 14:tid 14] proxy_util.c(1998): AH00927: initializing worker http://frontail:9001/ local
[Wed Aug 19 09:25:51.954048 2020] [proxy:debug] [pid 14:tid 14] proxy_util.c(2032): AH00930: initialized pool in child 14 for (frontail) min=0 max=25 smax=25
[Wed Aug 19 09:25:51.954066 2020] [proxy:debug] [pid 14:tid 14] proxy_util.c(1938): AH00925: initializing worker proxy:forward shared
[Wed Aug 19 09:25:51.954082 2020] [proxy:debug] [pid 15:tid 15] proxy_util.c(1998): AH00927: initializing worker proxy:forward local
[Wed Aug 19 09:25:51.954120 2020] [proxy:debug] [pid 15:tid 15] proxy_util.c(2032): AH00930: initialized pool in child 15 for (*) min=0 max=25 smax=25
[Wed Aug 19 09:25:51.954304 2020] [proxy:debug] [pid 16:tid 16] proxy_util.c(1998): AH00927: initializing worker proxy:forward local
[Wed Aug 19 09:25:51.954332 2020] [proxy:debug] [pid 16:tid 16] proxy_util.c(2032): AH00930: initialized pool in child 16 for (*) min=0 max=25 smax=25
[Wed Aug 19 09:25:51.954447 2020] [proxy:debug] [pid 14:tid 14] proxy_util.c(1998): AH00927: initializing worker proxy:forward local
[Wed Aug 19 09:25:51.954482 2020] [proxy:debug] [pid 14:tid 14] proxy_util.c(2032): AH00930: initialized pool in child 14 for (*) min=0 max=25 smax=25
[Wed Aug 19 09:25:51.954601 2020] [mpm_event:debug] [pid 15:tid 17] event.c(2311): AH02471: start_threads: Using epoll (wakeable)
[Wed Aug 19 09:25:51.956774 2020] [mpm_event:debug] [pid 16:tid 18] event.c(2311): AH02471: start_threads: Using epoll (wakeable)
[Wed Aug 19 09:25:51.959029 2020] [mpm_event:debug] [pid 14:tid 19] event.c(2311): AH02471: start_threads: Using epoll (wakeable)
[Wed Aug 19 09:26:49.328975 2020] [so:warn] [pid 12:tid 12] AH01574: module unique_id_module is already loaded, skipping
[Wed Aug 19 09:26:49.331148 2020] [slotmem_shm:debug] [pid 12:tid 12] mod_slotmem_shm.c(495): AH02301: attach looking for /etc/httpd/run/slotmem-shm-mod_heartmonitor_0.shm
[Wed Aug 19 09:26:49.331222 2020] [lbmethod_heartbeat:notice] [pid 12:tid 12] AH02282: No slotmem from mod_heartmonitor
[Wed Aug 19 09:26:49.331248 2020] [proxy_balancer:debug] [pid 12:tid 12] mod_proxy_balancer.c(930): AH01178: Doing balancers create: 544, 2 (7)
[Wed Aug 19 09:26:49.331263 2020] [slotmem_shm:debug] [pid 12:tid 12] mod_slotmem_shm.c(378): AH02602: create didn't find /etc/httpd/run/slotmem-shm-p8ab4cdc4_0.shm in global list
[Wed Aug 19 09:26:49.331274 2020] [slotmem_shm:debug] [pid 12:tid 12] mod_slotmem_shm.c(387): AH02300: create /etc/httpd/run/slotmem-shm-p8ab4cdc4_0.shm: 544/7
[Wed Aug 19 09:26:49.331500 2020] [slotmem_shm:debug] [pid 12:tid 12] mod_slotmem_shm.c(408): AH02611: create: apr_shm_create(/etc/httpd/run/slotmem-shm-p8ab4cdc4_0.shm) succeeded
[Wed Aug 19 09:26:49.331547 2020] [proxy:debug] [pid 12:tid 12] proxy_util.c(1241): AH02337: copying shm[0] (0x7fbc87b95018) for balancer://dvb-s0-blancer
[Wed Aug 19 09:26:49.331577 2020] [proxy_balancer:debug] [pid 12:tid 12] mod_proxy_balancer.c(997): AH01184: Doing workers create: balancer://dvb-s0-blancer (p8ab4cdc4_dvb_s0_blancer), 1064, 1 [0]
[Wed Aug 19 09:26:49.331592 2020] [slotmem_shm:debug] [pid 12:tid 12] mod_slotmem_shm.c(378): AH02602: create didn't find /etc/httpd/run/slotmem-shm-p8ab4cdc4_dvb_s0_blancer_0.shm in global list
[Wed Aug 19 09:26:49.331603 2020] [slotmem_shm:debug] [pid 12:tid 12] mod_slotmem_shm.c(387): AH02300: create /etc/httpd/run/slotmem-shm-p8ab4cdc4_dvb_s0_blancer_0.shm: 1064/1
[Wed Aug 19 09:26:49.331770 2020] [slotmem_shm:debug] [pid 12:tid 12] mod_slotmem_shm.c(408): AH02611: create: apr_shm_create(/etc/httpd/run/slotmem-shm-p8ab4cdc4_dvb_s0_blancer_0.shm) succeeded
[Wed Aug 19 09:26:49.331792 2020] [proxy:debug] [pid 12:tid 12] proxy_util.c(1915): AH02338: copying shm[0] (0x7fbc87061018) for worker: http://dvb-s0:8500
[Wed Aug 19 09:26:49.331825 2020] [proxy:debug] [pid 12:tid 12] proxy_util.c(1241): AH02337: copying shm[1] (0x7fbc87b95238) for balancer://dvb-s1-blancer
[Wed Aug 19 09:26:49.331845 2020] [proxy_balancer:debug] [pid 12:tid 12] mod_proxy_balancer.c(997): AH01184: Doing workers create: balancer://dvb-s1-blancer (p8ab4cdc4_dvb_s1_blancer), 1064, 1 [1]
[Wed Aug 19 09:26:49.331867 2020] [slotmem_shm:debug] [pid 12:tid 12] mod_slotmem_shm.c(378): AH02602: create didn't find /etc/httpd/run/slotmem-shm-p8ab4cdc4_dvb_s1_blancer_0.shm in global list
[Wed Aug 19 09:26:49.331878 2020] [slotmem_shm:debug] [pid 12:tid 12] mod_slotmem_shm.c(387): AH02300: create /etc/httpd/run/slotmem-shm-p8ab4cdc4_dvb_s1_blancer_0.shm: 1064/1
[Wed Aug 19 09:26:49.332026 2020] [slotmem_shm:debug] [pid 12:tid 12] mod_slotmem_shm.c(408): AH02611: create: apr_shm_create(/etc/httpd/run/slotmem-shm-p8ab4cdc4_dvb_s1_blancer_0.shm) succeeded
[Wed Aug 19 09:26:49.332046 2020] [proxy:debug] [pid 12:tid 12] proxy_util.c(1915): AH02338: copying shm[0] (0x7fbc8705f018) for worker: http://dvb-s1:8501
[Wed Aug 19 09:26:49.332785 2020] [core:warn] [pid 12:tid 12] AH00098: pid file /etc/httpd/run/httpd.pid overwritten -- Unclean shutdown of previous Apache run?
[Wed Aug 19 09:26:49.333740 2020] [cgid:error] [pid 13:tid 13] (98)Address already in use: AH01243: Couldn't bind unix domain socket /etc/httpd/run/cgisock.12
[Wed Aug 19 09:26:49.334942 2020] [mpm_event:notice] [pid 12:tid 12] AH00489: Apache/2.4.43 (Fedora) configured -- resuming normal operations
[Wed Aug 19 09:26:49.334982 2020] [mpm_event:info] [pid 12:tid 12] AH00490: Server built: Jul  9 2020 00:00:00
[Wed Aug 19 09:26:49.335007 2020] [core:notice] [pid 12:tid 12] AH00094: Command line: 'httpd -D FOREGROUND'
[Wed Aug 19 09:26:49.335018 2020] [core:debug] [pid 12:tid 12] log.c(1572): AH02639: Using SO_REUSEPORT: yes (1)
[Wed Aug 19 09:26:49.336294 2020] [slotmem_shm:debug] [pid 15:tid 15] mod_slotmem_shm.c(495): AH02301: attach looking for /etc/httpd/run/slotmem-shm-p8ab4cdc4_0.shm
[Wed Aug 19 09:26:49.336329 2020] [slotmem_shm:debug] [pid 15:tid 15] mod_slotmem_shm.c(506): AH02302: attach found /etc/httpd/run/slotmem-shm-p8ab4cdc4_0.shm: 544/7
[Wed Aug 19 09:26:49.336356 2020] [slotmem_shm:debug] [pid 15:tid 15] mod_slotmem_shm.c(495): AH02301: attach looking for /etc/httpd/run/slotmem-shm-p8ab4cdc4_dvb_s0_blancer_0.shm
[Wed Aug 19 09:26:49.336375 2020] [slotmem_shm:debug] [pid 15:tid 15] mod_slotmem_shm.c(506): AH02302: attach found /etc/httpd/run/slotmem-shm-p8ab4cdc4_dvb_s0_blancer_0.shm: 1064/1
[Wed Aug 19 09:26:49.336390 2020] [proxy_balancer:debug] [pid 15:tid 15] mod_proxy_balancer.c(132): AH01158: Looking at balancer://dvb-s0-blancer -> http://dvb-s0:8500 initialized?
[Wed Aug 19 09:26:49.336404 2020] [proxy:debug] [pid 15:tid 15] proxy_util.c(1938): AH00925: initializing worker http://dvb-s0:8500 shared
[Wed Aug 19 09:26:49.336431 2020] [proxy:debug] [pid 15:tid 15] proxy_util.c(1998): AH00927: initializing worker http://dvb-s0:8500 local
[Wed Aug 19 09:26:49.336474 2020] [proxy:debug] [pid 15:tid 15] proxy_util.c(2032): AH00930: initialized pool in child 15 for (dvb-s0) min=0 max=25 smax=25
[Wed Aug 19 09:26:49.336495 2020] [slotmem_shm:debug] [pid 15:tid 15] mod_slotmem_shm.c(495): AH02301: attach looking for /etc/httpd/run/slotmem-shm-p8ab4cdc4_dvb_s1_blancer_0.shm
[Wed Aug 19 09:26:49.336508 2020] [slotmem_shm:debug] [pid 15:tid 15] mod_slotmem_shm.c(506): AH02302: attach found /etc/httpd/run/slotmem-shm-p8ab4cdc4_dvb_s1_blancer_0.shm: 1064/1
[Wed Aug 19 09:26:49.336520 2020] [proxy_balancer:debug] [pid 15:tid 15] mod_proxy_balancer.c(132): AH01158: Looking at balancer://dvb-s1-blancer -> http://dvb-s1:8501 initialized?
[Wed Aug 19 09:26:49.336530 2020] [proxy:debug] [pid 15:tid 15] proxy_util.c(1938): AH00925: initializing worker http://dvb-s1:8501 shared
[Wed Aug 19 09:26:49.336541 2020] [proxy:debug] [pid 15:tid 15] proxy_util.c(1998): AH00927: initializing worker http://dvb-s1:8501 local
[Wed Aug 19 09:26:49.336565 2020] [proxy:debug] [pid 15:tid 15] proxy_util.c(2032): AH00930: initialized pool in child 15 for (dvb-s1) min=0 max=25 smax=25
[Wed Aug 19 09:26:49.336595 2020] [proxy:debug] [pid 15:tid 15] proxy_util.c(1938): AH00925: initializing worker proxy:reverse shared
[Wed Aug 19 09:26:49.336608 2020] [proxy:debug] [pid 15:tid 15] proxy_util.c(1998): AH00927: initializing worker proxy:reverse local
[Wed Aug 19 09:26:49.336641 2020] [proxy:debug] [pid 15:tid 15] proxy_util.c(2032): AH00930: initialized pool in child 15 for (*) min=0 max=25 smax=25
[Wed Aug 19 09:26:49.336653 2020] [proxy:debug] [pid 15:tid 15] proxy_util.c(1938): AH00925: initializing worker http://frontail:9001/ shared
[Wed Aug 19 09:26:49.336670 2020] [proxy:debug] [pid 15:tid 15] proxy_util.c(1998): AH00927: initializing worker http://frontail:9001/ local
[Wed Aug 19 09:26:49.336690 2020] [proxy:debug] [pid 15:tid 15] proxy_util.c(2032): AH00930: initialized pool in child 15 for (frontail) min=0 max=25 smax=25
[Wed Aug 19 09:26:49.336704 2020] [proxy:debug] [pid 15:tid 15] proxy_util.c(1938): AH00925: initializing worker proxy:forward shared
[Wed Aug 19 09:26:49.336715 2020] [proxy:debug] [pid 15:tid 15] proxy_util.c(1998): AH00927: initializing worker proxy:forward local
[Wed Aug 19 09:26:49.336748 2020] [proxy:debug] [pid 15:tid 15] proxy_util.c(2032): AH00930: initialized pool in child 15 for (*) min=0 max=25 smax=25
[Wed Aug 19 09:26:49.336947 2020] [slotmem_shm:debug] [pid 14:tid 14] mod_slotmem_shm.c(495): AH02301: attach looking for /etc/httpd/run/slotmem-shm-p8ab4cdc4_0.shm
[Wed Aug 19 09:26:49.336973 2020] [slotmem_shm:debug] [pid 14:tid 14] mod_slotmem_shm.c(506): AH02302: attach found /etc/httpd/run/slotmem-shm-p8ab4cdc4_0.shm: 544/7
[Wed Aug 19 09:26:49.336998 2020] [slotmem_shm:debug] [pid 14:tid 14] mod_slotmem_shm.c(495): AH02301: attach looking for /etc/httpd/run/slotmem-shm-p8ab4cdc4_dvb_s0_blancer_0.shm
[Wed Aug 19 09:26:49.337017 2020] [slotmem_shm:debug] [pid 14:tid 14] mod_slotmem_shm.c(506): AH02302: attach found /etc/httpd/run/slotmem-shm-p8ab4cdc4_dvb_s0_blancer_0.shm: 1064/1
[Wed Aug 19 09:26:49.337032 2020] [proxy_balancer:debug] [pid 14:tid 14] mod_proxy_balancer.c(132): AH01158: Looking at balancer://dvb-s0-blancer -> http://dvb-s0:8500 initialized?
[Wed Aug 19 09:26:49.337050 2020] [slotmem_shm:debug] [pid 14:tid 14] mod_slotmem_shm.c(495): AH02301: attach looking for /etc/httpd/run/slotmem-shm-p8ab4cdc4_dvb_s1_blancer_0.shm
[Wed Aug 19 09:26:49.337063 2020] [slotmem_shm:debug] [pid 14:tid 14] mod_slotmem_shm.c(506): AH02302: attach found /etc/httpd/run/slotmem-shm-p8ab4cdc4_dvb_s1_blancer_0.shm: 1064/1
[Wed Aug 19 09:26:49.337075 2020] [proxy_balancer:debug] [pid 14:tid 14] mod_proxy_balancer.c(132): AH01158: Looking at balancer://dvb-s1-blancer -> http://dvb-s1:8501 initialized?
[Wed Aug 19 09:26:49.337112 2020] [proxy:debug] [pid 14:tid 14] proxy_util.c(1938): AH00925: initializing worker proxy:reverse shared
[Wed Aug 19 09:26:49.337125 2020] [proxy:debug] [pid 14:tid 14] proxy_util.c(1998): AH00927: initializing worker proxy:reverse local
[Wed Aug 19 09:26:49.337151 2020] [proxy:debug] [pid 14:tid 14] proxy_util.c(2032): AH00930: initialized pool in child 14 for (*) min=0 max=25 smax=25
[Wed Aug 19 09:26:49.337166 2020] [proxy:debug] [pid 14:tid 14] proxy_util.c(1938): AH00925: initializing worker http://frontail:9001/ shared
[Wed Aug 19 09:26:49.337181 2020] [proxy:debug] [pid 14:tid 14] proxy_util.c(1998): AH00927: initializing worker http://frontail:9001/ local
[Wed Aug 19 09:26:49.337202 2020] [proxy:debug] [pid 14:tid 14] proxy_util.c(2032): AH00930: initialized pool in child 14 for (frontail) min=0 max=25 smax=25
[Wed Aug 19 09:26:49.337229 2020] [proxy:debug] [pid 14:tid 14] proxy_util.c(1938): AH00925: initializing worker proxy:forward shared
[Wed Aug 19 09:26:49.337242 2020] [proxy:debug] [pid 14:tid 14] proxy_util.c(1998): AH00927: initializing worker proxy:forward local
[Wed Aug 19 09:26:49.337263 2020] [proxy:debug] [pid 14:tid 14] proxy_util.c(2032): AH00930: initialized pool in child 14 for (*) min=0 max=25 smax=25
[Wed Aug 19 09:26:49.338446 2020] [slotmem_shm:debug] [pid 16:tid 16] mod_slotmem_shm.c(495): AH02301: attach looking for /etc/httpd/run/slotmem-shm-p8ab4cdc4_0.shm
[Wed Aug 19 09:26:49.338479 2020] [slotmem_shm:debug] [pid 16:tid 16] mod_slotmem_shm.c(506): AH02302: attach found /etc/httpd/run/slotmem-shm-p8ab4cdc4_0.shm: 544/7
[Wed Aug 19 09:26:49.338519 2020] [slotmem_shm:debug] [pid 16:tid 16] mod_slotmem_shm.c(495): AH02301: attach looking for /etc/httpd/run/slotmem-shm-p8ab4cdc4_dvb_s0_blancer_0.shm
[Wed Aug 19 09:26:49.338538 2020] [slotmem_shm:debug] [pid 16:tid 16] mod_slotmem_shm.c(506): AH02302: attach found /etc/httpd/run/slotmem-shm-p8ab4cdc4_dvb_s0_blancer_0.shm: 1064/1
[Wed Aug 19 09:26:49.338553 2020] [proxy_balancer:debug] [pid 16:tid 16] mod_proxy_balancer.c(132): AH01158: Looking at balancer://dvb-s0-blancer -> http://dvb-s0:8500 initialized?
[Wed Aug 19 09:26:49.338570 2020] [slotmem_shm:debug] [pid 16:tid 16] mod_slotmem_shm.c(495): AH02301: attach looking for /etc/httpd/run/slotmem-shm-p8ab4cdc4_dvb_s1_blancer_0.shm
[Wed Aug 19 09:26:49.338584 2020] [slotmem_shm:debug] [pid 16:tid 16] mod_slotmem_shm.c(506): AH02302: attach found /etc/httpd/run/slotmem-shm-p8ab4cdc4_dvb_s1_blancer_0.shm: 1064/1
[Wed Aug 19 09:26:49.338595 2020] [proxy_balancer:debug] [pid 16:tid 16] mod_proxy_balancer.c(132): AH01158: Looking at balancer://dvb-s1-blancer -> http://dvb-s1:8501 initialized?
[Wed Aug 19 09:26:49.338631 2020] [proxy:debug] [pid 16:tid 16] proxy_util.c(1938): AH00925: initializing worker proxy:reverse shared
[Wed Aug 19 09:26:49.338645 2020] [proxy:debug] [pid 16:tid 16] proxy_util.c(1998): AH00927: initializing worker proxy:reverse local
[Wed Aug 19 09:26:49.338671 2020] [proxy:debug] [pid 16:tid 16] proxy_util.c(2032): AH00930: initialized pool in child 16 for (*) min=0 max=25 smax=25
[Wed Aug 19 09:26:49.338688 2020] [proxy:debug] [pid 16:tid 16] proxy_util.c(1938): AH00925: initializing worker http://frontail:9001/ shared
[Wed Aug 19 09:26:49.338706 2020] [proxy:debug] [pid 16:tid 16] proxy_util.c(1998): AH00927: initializing worker http://frontail:9001/ local
[Wed Aug 19 09:26:49.338728 2020] [proxy:debug] [pid 16:tid 16] proxy_util.c(2032): AH00930: initialized pool in child 16 for (frontail) min=0 max=25 smax=25
[Wed Aug 19 09:26:49.338742 2020] [proxy:debug] [pid 16:tid 16] proxy_util.c(1938): AH00925: initializing worker proxy:forward shared
[Wed Aug 19 09:26:49.338753 2020] [proxy:debug] [pid 16:tid 16] proxy_util.c(1998): AH00927: initializing worker proxy:forward local
[Wed Aug 19 09:26:49.338774 2020] [proxy:debug] [pid 16:tid 16] proxy_util.c(2032): AH00930: initialized pool in child 16 for (*) min=0 max=25 smax=25
[Wed Aug 19 09:26:49.339518 2020] [mpm_event:debug] [pid 15:tid 17] event.c(2311): AH02471: start_threads: Using epoll (wakeable)
[Wed Aug 19 09:26:49.342250 2020] [mpm_event:debug] [pid 14:tid 18] event.c(2311): AH02471: start_threads: Using epoll (wakeable)
[Wed Aug 19 09:26:49.342687 2020] [mpm_event:debug] [pid 16:tid 39] event.c(2311): AH02471: start_threads: Using epoll (wakeable)
[Wed Aug 19 09:26:50.336240 2020] [cgid:crit] [pid 12:tid 12] AH01238: cgid daemon failed to initialize
[Wed Aug 19 09:27:01.631593 2020] [authz_core:debug] [pid 16:tid 44] mod_authz_core.c(815): [client 10.83.6.88:50751] AH01626: authorization result of Require all granted: granted
[Wed Aug 19 09:27:01.631646 2020] [authz_core:debug] [pid 16:tid 44] mod_authz_core.c(815): [client 10.83.6.88:50751] AH01626: authorization result of <RequireAny>: granted
[Wed Aug 19 09:27:05.518887 2020] [authz_core:debug] [pid 15:tid 37] mod_authz_core.c(815): [client 10.83.6.88:50752] AH01626: authorization result of Require all granted: granted
[Wed Aug 19 09:27:05.518939 2020] [authz_core:debug] [pid 15:tid 37] mod_authz_core.c(815): [client 10.83.6.88:50752] AH01626: authorization result of <RequireAny>: granted
[Wed Aug 19 09:27:05.747380 2020] [authz_core:debug] [pid 15:tid 38] mod_authz_core.c(815): [client 10.83.6.88:50753] AH01626: authorization result of Require all granted: granted
[Wed Aug 19 09:27:05.747405 2020] [authz_core:debug] [pid 15:tid 38] mod_authz_core.c(815): [client 10.83.6.88:50753] AH01626: authorization result of <RequireAny>: granted
[Wed Aug 19 09:27:07.125132 2020] [authz_core:debug] [pid 15:tid 33] mod_authz_core.c(843): [client 10.83.6.88:50754] AH01628: authorization result: granted (no directives), referer: http://192.168.18.65/
[Wed Aug 19 09:27:07.125232 2020] [proxy:debug] [pid 15:tid 33] mod_proxy.c(1253): [client 10.83.6.88:50754] AH01143: Running scheme http handler (attempt 0), referer: http://192.168.18.65/
[Wed Aug 19 09:27:07.125260 2020] [proxy:debug] [pid 15:tid 33] proxy_util.c(2336): AH00942: HTTP: has acquired connection for (frontail)
[Wed Aug 19 09:27:07.125278 2020] [proxy:debug] [pid 15:tid 33] proxy_util.c(2392): [client 10.83.6.88:50754] AH00944: connecting http://frontail:9001/ to frontail:9001, referer: http://192.168.18.65/
[Wed Aug 19 09:27:07.125646 2020] [proxy:debug] [pid 15:tid 33] proxy_util.c(2615): [client 10.83.6.88:50754] AH00947: connected / to frontail:9001, referer: http://192.168.18.65/
[Wed Aug 19 09:27:07.125846 2020] [proxy:debug] [pid 15:tid 33] proxy_util.c(3081): AH02824: HTTP: connection established with 172.22.0.3:9001 (frontail)
[Wed Aug 19 09:27:07.125880 2020] [proxy:debug] [pid 15:tid 33] proxy_util.c(3267): AH00962: HTTP: connection complete to 172.22.0.3:9001 (frontail)
[Wed Aug 19 09:27:07.138957 2020] [proxy:debug] [pid 15:tid 33] proxy_util.c(2351): AH00943: http: has released connection for (frontail)
[Wed Aug 19 09:27:07.175265 2020] [authz_core:debug] [pid 15:tid 28] mod_authz_core.c(843): [client 10.83.6.88:50755] AH01628: authorization result: granted (no directives), referer: http://192.168.18.65/FronTail/
[Wed Aug 19 09:27:07.175278 2020] [authz_core:debug] [pid 16:tid 45] mod_authz_core.c(843): [client 10.83.6.88:50756] AH01628: authorization result: granted (no directives), referer: http://192.168.18.65/FronTail/
[Wed Aug 19 09:27:07.175318 2020] [proxy:debug] [pid 15:tid 28] mod_proxy.c(1253): [client 10.83.6.88:50755] AH01143: Running scheme http handler (attempt 0), referer: http://192.168.18.65/FronTail/
[Wed Aug 19 09:27:07.175328 2020] [proxy:debug] [pid 16:tid 45] mod_proxy.c(1253): [client 10.83.6.88:50756] AH01143: Running scheme http handler (attempt 0), referer: http://192.168.18.65/FronTail/
[Wed Aug 19 09:27:07.175336 2020] [proxy:debug] [pid 15:tid 28] proxy_util.c(2336): AH00942: HTTP: has acquired connection for (frontail)
[Wed Aug 19 09:27:07.175349 2020] [proxy:debug] [pid 15:tid 28] proxy_util.c(2392): [client 10.83.6.88:50755] AH00944: connecting http://frontail:9001/styles/dark.css to frontail:9001, referer: http://192.168.18.65/FronTail/
[Wed Aug 19 09:27:07.175350 2020] [proxy:debug] [pid 16:tid 45] proxy_util.c(2336): AH00942: HTTP: has acquired connection for (frontail)
[Wed Aug 19 09:27:07.175363 2020] [proxy:debug] [pid 15:tid 28] proxy_util.c(2615): [client 10.83.6.88:50755] AH00947: connected /styles/dark.css to frontail:9001, referer: http://192.168.18.65/FronTail/
[Wed Aug 19 09:27:07.175368 2020] [proxy:debug] [pid 16:tid 45] proxy_util.c(2392): [client 10.83.6.88:50756] AH00944: connecting http://frontail:9001/socket.io/socket.io.js to frontail:9001, referer: http://192.168.18.65/FronTail/
[Wed Aug 19 09:27:07.176489 2020] [proxy:debug] [pid 16:tid 45] proxy_util.c(2615): [client 10.83.6.88:50756] AH00947: connected /socket.io/socket.io.js to frontail:9001, referer: http://192.168.18.65/FronTail/
[Wed Aug 19 09:27:07.176670 2020] [proxy:debug] [pid 16:tid 45] proxy_util.c(3081): AH02824: HTTP: connection established with 172.22.0.3:9001 (frontail)
[Wed Aug 19 09:27:07.176700 2020] [proxy:debug] [pid 16:tid 45] proxy_util.c(3267): AH00962: HTTP: connection complete to 172.22.0.3:9001 (frontail)
[Wed Aug 19 09:27:07.176959 2020] [authz_core:debug] [pid 16:tid 46] mod_authz_core.c(843): [client 10.83.6.88:50757] AH01628: authorization result: granted (no directives), referer: http://192.168.18.65/FronTail/
[Wed Aug 19 09:27:07.176997 2020] [proxy:debug] [pid 16:tid 46] mod_proxy.c(1253): [client 10.83.6.88:50757] AH01143: Running scheme http handler (attempt 0), referer: http://192.168.18.65/FronTail/
[Wed Aug 19 09:27:07.177021 2020] [proxy:debug] [pid 16:tid 46] proxy_util.c(2336): AH00942: HTTP: has acquired connection for (frontail)
[Wed Aug 19 09:27:07.177037 2020] [proxy:debug] [pid 16:tid 46] proxy_util.c(2392): [client 10.83.6.88:50757] AH00944: connecting http://frontail:9001/tinycon.min.js to frontail:9001, referer: http://192.168.18.65/FronTail/
[Wed Aug 19 09:27:07.177066 2020] [proxy:debug] [pid 16:tid 46] proxy_util.c(2615): [client 10.83.6.88:50757] AH00947: connected /tinycon.min.js to frontail:9001, referer: http://192.168.18.65/FronTail/
[Wed Aug 19 09:27:07.177188 2020] [proxy:debug] [pid 16:tid 46] proxy_util.c(3081): AH02824: HTTP: connection established with 172.22.0.3:9001 (frontail)
[Wed Aug 19 09:27:07.177228 2020] [proxy:debug] [pid 16:tid 46] proxy_util.c(3267): AH00962: HTTP: connection complete to 172.22.0.3:9001 (frontail)
[Wed Aug 19 09:27:07.179867 2020] [proxy:debug] [pid 15:tid 28] proxy_util.c(2351): AH00943: http: has released connection for (frontail)
[Wed Aug 19 09:27:07.181670 2020] [authz_core:debug] [pid 15:tid 29] mod_authz_core.c(843): [client 10.83.6.88:50758] AH01628: authorization result: granted (no directives), referer: http://192.168.18.65/FronTail/
[Wed Aug 19 09:27:07.181730 2020] [proxy:debug] [pid 15:tid 29] mod_proxy.c(1253): [client 10.83.6.88:50758] AH01143: Running scheme http handler (attempt 0), referer: http://192.168.18.65/FronTail/
[Wed Aug 19 09:27:07.181747 2020] [proxy:debug] [pid 15:tid 29] proxy_util.c(2336): AH00942: HTTP: has acquired connection for (frontail)
[Wed Aug 19 09:27:07.181764 2020] [proxy:debug] [pid 15:tid 29] proxy_util.c(2392): [client 10.83.6.88:50758] AH00944: connecting http://frontail:9001/ansi_up.js to frontail:9001, referer: http://192.168.18.65/FronTail/
[Wed Aug 19 09:27:07.181778 2020] [proxy:debug] [pid 15:tid 29] proxy_util.c(2615): [client 10.83.6.88:50758] AH00947: connected /ansi_up.js to frontail:9001, referer: http://192.168.18.65/FronTail/
[Wed Aug 19 09:27:07.182282 2020] [proxy:debug] [pid 16:tid 45] proxy_util.c(2351): AH00943: http: has released connection for (frontail)
[Wed Aug 19 09:27:07.183326 2020] [authz_core:debug] [pid 16:tid 47] mod_authz_core.c(843): [client 10.83.6.88:50759] AH01628: authorization result: granted (no directives), referer: http://192.168.18.65/FronTail/
[Wed Aug 19 09:27:07.183379 2020] [proxy:debug] [pid 16:tid 47] mod_proxy.c(1253): [client 10.83.6.88:50759] AH01143: Running scheme http handler (attempt 0), referer: http://192.168.18.65/FronTail/
[Wed Aug 19 09:27:07.183396 2020] [proxy:debug] [pid 16:tid 47] proxy_util.c(2336): AH00942: HTTP: has acquired connection for (frontail)
[Wed Aug 19 09:27:07.183412 2020] [proxy:debug] [pid 16:tid 47] proxy_util.c(2392): [client 10.83.6.88:50759] AH00944: connecting http://frontail:9001/app.js to frontail:9001, referer: http://192.168.18.65/FronTail/
[Wed Aug 19 09:27:07.183426 2020] [proxy:debug] [pid 16:tid 47] proxy_util.c(2615): [client 10.83.6.88:50759] AH00947: connected /app.js to frontail:9001, referer: http://192.168.18.65/FronTail/
[Wed Aug 19 09:27:07.184017 2020] [proxy:debug] [pid 16:tid 46] proxy_util.c(2351): AH00943: http: has released connection for (frontail)
[Wed Aug 19 09:27:07.184709 2020] [proxy:debug] [pid 15:tid 29] proxy_util.c(2351): AH00943: http: has released connection for (frontail)
[Wed Aug 19 09:27:07.185950 2020] [proxy:debug] [pid 16:tid 47] proxy_util.c(2351): AH00943: http: has released connection for (frontail)
[Wed Aug 19 09:27:07.199296 2020] [authz_core:debug] [pid 15:tid 30] mod_authz_core.c(843): [client 10.83.6.88:50760] AH01628: authorization result: granted (no directives), referer: http://192.168.18.65/FronTail/styles/dark.css
[Wed Aug 19 09:27:07.199347 2020] [proxy:debug] [pid 15:tid 30] mod_proxy.c(1253): [client 10.83.6.88:50760] AH01143: Running scheme http handler (attempt 0), referer: http://192.168.18.65/FronTail/styles/dark.css
[Wed Aug 19 09:27:07.199372 2020] [proxy:debug] [pid 15:tid 30] proxy_util.c(2336): AH00942: HTTP: has acquired connection for (frontail)
[Wed Aug 19 09:27:07.199387 2020] [proxy:debug] [pid 15:tid 30] proxy_util.c(2392): [client 10.83.6.88:50760] AH00944: connecting http://frontail:9001/styles/default.css to frontail:9001, referer: http://192.168.18.65/FronTail/styles/dark.css
[Wed Aug 19 09:27:07.199425 2020] [proxy:debug] [pid 15:tid 30] proxy_util.c(2615): [client 10.83.6.88:50760] AH00947: connected /styles/default.css to frontail:9001, referer: http://192.168.18.65/FronTail/styles/dark.css
[Wed Aug 19 09:27:07.200520 2020] [proxy:debug] [pid 15:tid 30] proxy_util.c(2351): AH00943: http: has released connection for (frontail)
[Wed Aug 19 09:27:07.210361 2020] [authz_core:debug] [pid 14:tid 51] mod_authz_core.c(843): [client 10.83.6.88:50761] AH01628: authorization result: granted (no directives), referer: http://192.168.18.65/FronTail/styles/default.css
[Wed Aug 19 09:27:07.210460 2020] [proxy:debug] [pid 14:tid 51] mod_proxy.c(1253): [client 10.83.6.88:50761] AH01143: Running scheme http handler (attempt 0), referer: http://192.168.18.65/FronTail/styles/default.css
[Wed Aug 19 09:27:07.210488 2020] [proxy:debug] [pid 14:tid 51] proxy_util.c(2336): AH00942: HTTP: has acquired connection for (frontail)
[Wed Aug 19 09:27:07.210502 2020] [proxy:debug] [pid 14:tid 51] proxy_util.c(2392): [client 10.83.6.88:50761] AH00944: connecting http://frontail:9001/styles/bootstrap.min.css to frontail:9001, referer: http://192.168.18.65/FronTail/styles/default.css
[Wed Aug 19 09:27:07.211267 2020] [proxy:debug] [pid 14:tid 51] proxy_util.c(2615): [client 10.83.6.88:50761] AH00947: connected /styles/bootstrap.min.css to frontail:9001, referer: http://192.168.18.65/FronTail/styles/default.css
[Wed Aug 19 09:27:07.211444 2020] [proxy:debug] [pid 14:tid 51] proxy_util.c(3081): AH02824: HTTP: connection established with 172.22.0.3:9001 (frontail)
[Wed Aug 19 09:27:07.211475 2020] [proxy:debug] [pid 14:tid 51] proxy_util.c(3267): AH00962: HTTP: connection complete to 172.22.0.3:9001 (frontail)
[Wed Aug 19 09:27:07.212938 2020] [proxy:debug] [pid 14:tid 51] proxy_util.c(2351): AH00943: http: has released connection for (frontail)
[Wed Aug 19 09:27:07.477151 2020] [authz_core:debug] [pid 14:tid 52] mod_authz_core.c(843): [client 10.83.6.88:50764] AH01628: authorization result: granted (no directives)
[Wed Aug 19 09:27:07.477215 2020] [proxy:debug] [pid 14:tid 52] mod_proxy.c(1253): [client 10.83.6.88:50764] AH01143: Running scheme http handler (attempt 0)
[Wed Aug 19 09:27:07.477248 2020] [proxy:debug] [pid 14:tid 52] proxy_util.c(2336): AH00942: HTTP: has acquired connection for (frontail)
[Wed Aug 19 09:27:07.477264 2020] [proxy:debug] [pid 14:tid 52] proxy_util.c(2392): [client 10.83.6.88:50764] AH00944: connecting http://frontail:9001/socket.io/?EIO=3&transport=websocket to frontail:9001
[Wed Aug 19 09:27:07.477278 2020] [proxy:debug] [pid 14:tid 52] proxy_util.c(2615): [client 10.83.6.88:50764] AH00947: connected /socket.io/?EIO=3&transport=websocket to frontail:9001
[Wed Aug 19 09:27:07.482169 2020] [proxy:debug] [pid 14:tid 52] proxy_util.c(2351): AH00943: http: has released connection for (frontail)
[Wed Aug 19 09:27:08.393071 2020] [authz_core:debug] [pid 16:tid 60] mod_authz_core.c(843): [client 10.83.6.88:50765] AH01628: authorization result: granted (no directives), referer: http://192.168.18.65/FronTail/
[Wed Aug 19 09:27:08.393144 2020] [proxy:debug] [pid 16:tid 60] mod_proxy.c(1253): [client 10.83.6.88:50765] AH01143: Running scheme http handler (attempt 0), referer: http://192.168.18.65/FronTail/
[Wed Aug 19 09:27:08.393162 2020] [proxy:debug] [pid 16:tid 60] proxy_util.c(2336): AH00942: HTTP: has acquired connection for (frontail)
[Wed Aug 19 09:27:08.393178 2020] [proxy:debug] [pid 16:tid 60] proxy_util.c(2392): [client 10.83.6.88:50765] AH00944: connecting http://frontail:9001/favicon.ico to frontail:9001, referer: http://192.168.18.65/FronTail/
[Wed Aug 19 09:27:08.393192 2020] [proxy:debug] [pid 16:tid 60] proxy_util.c(2615): [client 10.83.6.88:50765] AH00947: connected /favicon.ico to frontail:9001, referer: http://192.168.18.65/FronTail/
[Wed Aug 19 09:27:08.399014 2020] [proxy:debug] [pid 16:tid 60] proxy_util.c(2351): AH00943: http: has released connection for (frontail)
[Wed Aug 19 09:27:08.576877 2020] [authz_core:debug] [pid 15:tid 32] mod_authz_core.c(843): [client 10.83.6.88:50766] AH01628: authorization result: granted (no directives)
[Wed Aug 19 09:27:08.576964 2020] [proxy:debug] [pid 15:tid 32] mod_proxy.c(1253): [client 10.83.6.88:50766] AH01143: Running scheme http handler (attempt 0)
[Wed Aug 19 09:27:08.576981 2020] [proxy:debug] [pid 15:tid 32] proxy_util.c(2336): AH00942: HTTP: has acquired connection for (frontail)
[Wed Aug 19 09:27:08.576997 2020] [proxy:debug] [pid 15:tid 32] proxy_util.c(2392): [client 10.83.6.88:50766] AH00944: connecting http://frontail:9001/socket.io/?EIO=3&transport=websocket to frontail:9001
[Wed Aug 19 09:27:08.577014 2020] [proxy:debug] [pid 15:tid 32] proxy_util.c(2615): [client 10.83.6.88:50766] AH00947: connected /socket.io/?EIO=3&transport=websocket to frontail:9001
[Wed Aug 19 09:27:08.578053 2020] [proxy:debug] [pid 15:tid 32] proxy_util.c(2351): AH00943: http: has released connection for (frontail)
[Wed Aug 19 09:27:10.630654 2020] [authz_core:debug] [pid 15:tid 19] mod_authz_core.c(815): [client 10.83.6.88:50767] AH01626: authorization result of Require all granted: granted
[Wed Aug 19 09:27:10.630692 2020] [authz_core:debug] [pid 15:tid 19] mod_authz_core.c(815): [client 10.83.6.88:50767] AH01626: authorization result of <RequireAny>: granted
[Wed Aug 19 09:27:10.762544 2020] [authz_core:debug] [pid 15:tid 21] mod_authz_core.c(843): [client 10.83.6.88:50768] AH01628: authorization result: granted (no directives)
